\BOOKMARK [1][-]{section.1}{\376\377\000O\000r\000g\000a\000n\000i\000s\000a\000t\000i\000o\000n\000\040\000d\000u\000\040\000t\000r\000a\000v\000a\000i\000l}{}% 1
\BOOKMARK [2][-]{subsection.2}{\376\377\000O\000u\000t\000i\000l\000s\000\040\000u\000t\000i\000l\000i\000s\000\351\000s}{section.1}% 2
\BOOKMARK [2][-]{subsection.5}{\376\377\000R\000\351\000p\000a\000r\000t\000i\000t\000i\000o\000n\000\040\000d\000u\000\040\000t\000r\000a\000v\000a\000i\000l}{section.1}% 3
\BOOKMARK [1][-]{section.7}{\376\377\000S\000t\000r\000u\000c\000t\000u\000r\000e\000\040\000d\000u\000\040\000p\000r\000o\000j\000e\000t}{}% 4
\BOOKMARK [2][-]{subsection.9}{\376\377\000L\000e\000s\000\040\000m\000o\000d\000u\000l\000e\000s}{section.7}% 5
\BOOKMARK [2][-]{subsection.13}{\376\377\000G\000e\000s\000t\000i\000o\000n\000\040\000d\000e\000s\000\040\000o\000p\000t\000i\000o\000n\000s\000:}{section.7}% 6
\BOOKMARK [2][-]{subsection.25}{\376\377\000G\000e\000s\000t\000i\000o\000n\000s\000\040\000d\000e\000s\000\040\000f\000i\000c\000h\000i\000e\000r\000s}{section.7}% 7
\BOOKMARK [2][-]{subsection.27}{\376\377\000G\000e\000s\000t\000i\000o\000n\000\040\000d\000e\000\040\000l\000'\000e\000n\000t\000r\000\351\000e\000\040\000s\000t\000a\000n\000d\000a\000r\000t}{section.7}% 8
\BOOKMARK [1][-]{section.30}{\376\377\000C\000h\000o\000i\000x\000\040\000d\000'\000i\000m\000p\000l\000\351\000m\000e\000n\000t\000a\000t\000i\000o\000n}{}% 9
\BOOKMARK [2][-]{subsection.31}{\376\377\000S\000t\000o\000c\000k\000a\000g\000e\000\040\000d\000e\000s\000\040\000m\000o\000t\000s\000\040\000a\000v\000e\000c\000\040\000h\000o\000l\000d\000a\000l\000l\000:}{section.30}% 10
\BOOKMARK [3][-]{subsubsection.33}{\376\377\000I\000m\000p\000l\000\351\000m\000e\000n\000t\000a\000t\000i\000o\000n\000\040\000p\000a\000r\000\040\000L\000D\000S\000C\000:}{subsection.31}% 11
\BOOKMARK [3][-]{subsubsection.34}{\376\377\000I\000m\000p\000l\000\351\000m\000e\000n\000t\000a\000t\000i\000o\000n\000\040\000p\000a\000r\000\040\000t\000a\000b\000l\000e\000a\000u\000x\000\040\000d\000y\000n\000a\000m\000i\000q\000u\000e\000s\000:}{subsection.31}% 12
\BOOKMARK [1][-]{section.36}{\376\377\000C\000a\000l\000c\000u\000l\000\040\000d\000e\000\040\000l\000a\000\040\000d\000i\000s\000t\000a\000n\000c\000e\000\040\000d\000e\000\040\000J\000a\000c\000c\000a\000r\000d}{}% 13
\BOOKMARK [1][-]{section.48}{\376\377\000L\000e\000s\000\040\000d\000i\000f\000f\000i\000c\000u\000l\000t\000\351\000s\000\040\000r\000e\000n\000c\000o\000n\000t\000r\000\351\000e\000s}{}% 14
\BOOKMARK [2][-]{subsection.49}{\376\377\000T\000e\000n\000t\000a\000t\000i\000v\000e\000\040\000d\000'\000u\000t\000i\000l\000i\000s\000a\000t\000i\000o\000n\000\040\000d\000e\000\040\000g\000e\000t\000o\000p\000t}{section.48}% 15
\BOOKMARK [2][-]{subsection.51}{\376\377\000L\000a\000\040\000f\000o\000n\000c\000t\000i\000o\000n\000\040\000f\000s\000c\000a\000n\000f}{section.48}% 16
\BOOKMARK [1][-]{section.53}{\376\377\000P\000e\000r\000f\000o\000r\000m\000a\000n\000c\000e\000s}{}% 17
\BOOKMARK [2][-]{subsection.55}{\376\377\000C\000o\000m\000p\000l\000\351\000x\000i\000t\000\351\000\040\000e\000n\000\040\000e\000s\000p\000a\000c\000e}{section.53}% 18
\BOOKMARK [2][-]{subsection.56}{\376\377\000C\000o\000m\000p\000l\000\351\000x\000i\000t\000\351\000\040\000e\000n\000\040\000t\000e\000m\000p\000s}{section.53}% 19
\BOOKMARK [1][-]{section.57}{\376\377\000A\000m\000\351\000l\000i\000o\000r\000a\000t\000i\000o\000n\000s\000\040\000p\000o\000s\000s\000i\000b\000l\000e\000s}{}% 20
